04:32:44 reports done
04:32:44 MISSING D:\Mojtaba\Renardet\2224 WS11\Majlas\Hydraulic\Dam Breack\W2\04_data\results\p29\flood_extent.geojson
04:32:44 MISSING D:\Mojtaba\Renardet\2224 WS11\Majlas\Hydraulic\Dam Breack\W2\04_data\results\p37\flood_extent.geojson
04:32:44 MISSING D:\Mojtaba\Renardet\2224 WS11\Majlas\Hydraulic\Dam Breack\W2\04_data\results\p38\flood_extent.geojson
04:32:44 MISSING D:\Mojtaba\Renardet\2224 WS11\Majlas\Hydraulic\Dam Breack\W2\04_data\results\p41\flood_extent.geojson
04:32:44 MISSING D:\Mojtaba\Renardet\2224 WS11\Majlas\Hydraulic\Dam Breack\W2\04_data\results\p44\flood_extent.geojson
04:32:44 MISSING D:\Mojtaba\Renardet\2224 WS11\Majlas\Hydraulic\Dam Breack\W2\04_data\results\p45\flood_extent.geojson
04:32:44 MISSING D:\Mojtaba\Renardet\2224 WS11\Majlas\Hydraulic\Dam Breack\W2\04_data\results\p30\flood_extent.geojson
04:32:44 MISSING D:\Mojtaba\Renardet\2224 WS11\Majlas\Hydraulic\Dam Breack\W2\04_data\results\p35\flood_extent.geojson
04:32:44 MISSING D:\Mojtaba\Renardet\2224 WS11\Majlas\Hydraulic\Dam Breack\W2\04_data\results\p42\flood_extent.geojson
04:32:44 MISSING D:\Mojtaba\Renardet\2224 WS11\Majlas\Hydraulic\Dam Breack\W2\04_data\results\p32\flood_extent.geojson
04:32:44 MISSING D:\Mojtaba\Renardet\2224 WS11\Majlas\Hydraulic\Dam Breack\W2\04_data\results\p48\flood_extent.geojson
04:32:44 layers done
04:32:44 tables done
04:32:45 robocopy Terrain -> models\HEC-RAS\Terrain exit 1
04:32:45 robocopy Land Classification -> models\HEC-RAS\Land Classification exit 1
04:32:46 robocopy S2D -> models\HEC-RAS\S2D exit 1
04:32:46 robocopy S3D -> models\HEC-RAS\S3D exit 1
04:32:46 robocopy Features -> models\HEC-RAS\Features exit 1
04:32:46 HEC-RAS done
04:32:46 robocopy HEC_HMS_Majlas -> models\HEC-HMS exit 1
04:32:46 HEC-HMS done
04:32:46 PACKAGE DONE
